Supabase client initialized successfully
All users: [{'id': 'ede78d96-9854-44ed-b5f2-0fcf2a68bbea', 'username': 'THE_GREATEST', 'full_name': 'The Greatest', 'email': 'thegreatest@gmail.com', 'password_hash': '$2b$12$hahaha_isee_now_bcrypt_withGod__rise_beyond_limits', 'role': 'leader', 'avatar_url': None, 'status': 'active', 'created_at': '2025-12-12T16:35:48.078707+00:00', 'updated_at': '2025-12-12T17:20:55.423575+00:00', 'hashed_password': None, 'is_active': True, 'is_online': False}]
User found: THE_GREATEST
Password hash: $2b$12$hahaha_isee_now_bcrypt_withGod__rise_beyond_limits
